--------------------------------------------------------------------------------
Release 14.7 Trace  (nt64)
Copyright (c) 1995-2013 Xilinx, Inc.  All rights reserved.

C:\Xilinx\14.7\ISE_DS\ISE\bin\nt64\unwrapped\trce.exe -intstyle ise -v 3 -s 2I
-n 3 -fastpaths -xml TemperatureCalculator.twx TemperatureCalculator.ncd -o
TemperatureCalculator.twr TemperatureCalculator.pcf

Design file:              TemperatureCalculator.ncd
Physical constraint file: TemperatureCalculator.pcf
Device,package,speed:     xa7a100t,csg324,I,-2I (PRELIMINARY 1.07 2013-10-13)
Report level:             verbose report

Environment Variable      Effect 
--------------------      ------ 
NONE                      No environment variables were set
--------------------------------------------------------------------------------

INFO:Timing:2698 - No timing constraints found, doing default enumeration.
INFO:Timing:3412 - To improve timing, see the Timing Closure User Guide (UG612).
INFO:Timing:2752 - To get complete path coverage, use the unconstrained paths 
   option. All paths that are not constrained will be reported in the 
   unconstrained paths section(s) of the report.
INFO:Timing:3339 - The clock-to-out numbers in this timing report are based on 
   a 50 Ohm transmission line loading model.  For the details of this model, 
   and for more information on accounting for different loading conditions, 
   please see the device datasheet.



Data Sheet report:
-----------------
All values displayed in nanoseconds (ns)

Pad to Pad
---------------+---------------+---------+
Source Pad     |Destination Pad|  Delay  |
---------------+---------------+---------+
adc_data<0>    |tempc<0>       |   16.512|
adc_data<0>    |tempc<1>       |   16.768|
adc_data<0>    |tempc<2>       |   17.621|
adc_data<0>    |tempc<3>       |   17.734|
adc_data<0>    |tempc<4>       |   17.782|
adc_data<0>    |tempc<5>       |   17.636|
adc_data<0>    |tempc<6>       |   18.382|
adc_data<0>    |tempc<7>       |   18.358|
adc_data<0>    |tempc<8>       |   18.395|
adc_data<0>    |tempc<9>       |   18.319|
adc_data<0>    |tempc<10>      |   18.852|
adc_data<0>    |tempc<11>      |   18.803|
adc_data<0>    |tempc<12>      |   18.849|
adc_data<0>    |tempc<13>      |   18.653|
adc_data<0>    |tempc<14>      |   18.901|
adc_data<0>    |tempc<15>      |   18.959|
adc_data<0>    |tempc<16>      |   18.941|
adc_data<0>    |tempc<17>      |   18.776|
adc_data<0>    |tempc<18>      |   18.831|
adc_data<0>    |tempc<19>      |   18.899|
adc_data<0>    |tempc<20>      |   18.901|
adc_data<0>    |tempc<21>      |   18.917|
adc_data<0>    |tempc<22>      |   19.052|
adc_data<0>    |tempc<23>      |   19.148|
adc_data<0>    |tempc<24>      |   19.203|
adc_data<0>    |tempc<25>      |   19.110|
adc_data<0>    |tempc<26>      |   19.365|
adc_data<0>    |tempc<27>      |   19.433|
adc_data<0>    |tempc<28>      |   19.365|
adc_data<0>    |tempc<29>      |   19.327|
adc_data<0>    |tempc<30>      |   19.616|
adc_data<0>    |tempc<31>      |   19.613|
adc_data<1>    |tempc<0>       |   16.502|
adc_data<1>    |tempc<1>       |   16.771|
adc_data<1>    |tempc<2>       |   17.624|
adc_data<1>    |tempc<3>       |   17.737|
adc_data<1>    |tempc<4>       |   17.785|
adc_data<1>    |tempc<5>       |   17.639|
adc_data<1>    |tempc<6>       |   18.397|
adc_data<1>    |tempc<7>       |   18.373|
adc_data<1>    |tempc<8>       |   18.410|
adc_data<1>    |tempc<9>       |   18.334|
adc_data<1>    |tempc<10>      |   18.867|
adc_data<1>    |tempc<11>      |   18.818|
adc_data<1>    |tempc<12>      |   18.864|
adc_data<1>    |tempc<13>      |   18.668|
adc_data<1>    |tempc<14>      |   18.916|
adc_data<1>    |tempc<15>      |   18.974|
adc_data<1>    |tempc<16>      |   18.956|
adc_data<1>    |tempc<17>      |   18.791|
adc_data<1>    |tempc<18>      |   18.846|
adc_data<1>    |tempc<19>      |   18.914|
adc_data<1>    |tempc<20>      |   18.916|
adc_data<1>    |tempc<21>      |   18.932|
adc_data<1>    |tempc<22>      |   19.067|
adc_data<1>    |tempc<23>      |   19.163|
adc_data<1>    |tempc<24>      |   19.218|
adc_data<1>    |tempc<25>      |   19.125|
adc_data<1>    |tempc<26>      |   19.380|
adc_data<1>    |tempc<27>      |   19.448|
adc_data<1>    |tempc<28>      |   19.380|
adc_data<1>    |tempc<29>      |   19.342|
adc_data<1>    |tempc<30>      |   19.631|
adc_data<1>    |tempc<31>      |   19.628|
adc_data<2>    |tempc<0>       |   16.672|
adc_data<2>    |tempc<1>       |   17.089|
adc_data<2>    |tempc<2>       |   17.942|
adc_data<2>    |tempc<3>       |   18.055|
adc_data<2>    |tempc<4>       |   18.103|
adc_data<2>    |tempc<5>       |   17.957|
adc_data<2>    |tempc<6>       |   18.715|
adc_data<2>    |tempc<7>       |   18.691|
adc_data<2>    |tempc<8>       |   18.728|
adc_data<2>    |tempc<9>       |   18.652|
adc_data<2>    |tempc<10>      |   19.185|
adc_data<2>    |tempc<11>      |   19.136|
adc_data<2>    |tempc<12>      |   19.182|
adc_data<2>    |tempc<13>      |   18.986|
adc_data<2>    |tempc<14>      |   19.234|
adc_data<2>    |tempc<15>      |   19.292|
adc_data<2>    |tempc<16>      |   19.274|
adc_data<2>    |tempc<17>      |   19.109|
adc_data<2>    |tempc<18>      |   19.164|
adc_data<2>    |tempc<19>      |   19.232|
adc_data<2>    |tempc<20>      |   19.234|
adc_data<2>    |tempc<21>      |   19.250|
adc_data<2>    |tempc<22>      |   19.385|
adc_data<2>    |tempc<23>      |   19.481|
adc_data<2>    |tempc<24>      |   19.536|
adc_data<2>    |tempc<25>      |   19.443|
adc_data<2>    |tempc<26>      |   19.698|
adc_data<2>    |tempc<27>      |   19.766|
adc_data<2>    |tempc<28>      |   19.698|
adc_data<2>    |tempc<29>      |   19.660|
adc_data<2>    |tempc<30>      |   19.949|
adc_data<2>    |tempc<31>      |   19.946|
adc_data<3>    |tempc<0>       |   16.541|
adc_data<3>    |tempc<1>       |   17.067|
adc_data<3>    |tempc<2>       |   17.920|
adc_data<3>    |tempc<3>       |   18.033|
adc_data<3>    |tempc<4>       |   18.081|
adc_data<3>    |tempc<5>       |   17.935|
adc_data<3>    |tempc<6>       |   18.693|
adc_data<3>    |tempc<7>       |   18.669|
adc_data<3>    |tempc<8>       |   18.706|
adc_data<3>    |tempc<9>       |   18.630|
adc_data<3>    |tempc<10>      |   19.163|
adc_data<3>    |tempc<11>      |   19.114|
adc_data<3>    |tempc<12>      |   19.160|
adc_data<3>    |tempc<13>      |   18.964|
adc_data<3>    |tempc<14>      |   19.212|
adc_data<3>    |tempc<15>      |   19.270|
adc_data<3>    |tempc<16>      |   19.252|
adc_data<3>    |tempc<17>      |   19.087|
adc_data<3>    |tempc<18>      |   19.142|
adc_data<3>    |tempc<19>      |   19.210|
adc_data<3>    |tempc<20>      |   19.212|
adc_data<3>    |tempc<21>      |   19.228|
adc_data<3>    |tempc<22>      |   19.363|
adc_data<3>    |tempc<23>      |   19.459|
adc_data<3>    |tempc<24>      |   19.514|
adc_data<3>    |tempc<25>      |   19.421|
adc_data<3>    |tempc<26>      |   19.676|
adc_data<3>    |tempc<27>      |   19.744|
adc_data<3>    |tempc<28>      |   19.676|
adc_data<3>    |tempc<29>      |   19.638|
adc_data<3>    |tempc<30>      |   19.927|
adc_data<3>    |tempc<31>      |   19.924|
adc_data<4>    |tempc<0>       |   16.107|
adc_data<4>    |tempc<1>       |   16.633|
adc_data<4>    |tempc<2>       |   17.486|
adc_data<4>    |tempc<3>       |   17.599|
adc_data<4>    |tempc<4>       |   17.647|
adc_data<4>    |tempc<5>       |   17.501|
adc_data<4>    |tempc<6>       |   18.259|
adc_data<4>    |tempc<7>       |   18.235|
adc_data<4>    |tempc<8>       |   18.272|
adc_data<4>    |tempc<9>       |   18.196|
adc_data<4>    |tempc<10>      |   18.729|
adc_data<4>    |tempc<11>      |   18.680|
adc_data<4>    |tempc<12>      |   18.726|
adc_data<4>    |tempc<13>      |   18.530|
adc_data<4>    |tempc<14>      |   18.778|
adc_data<4>    |tempc<15>      |   18.836|
adc_data<4>    |tempc<16>      |   18.818|
adc_data<4>    |tempc<17>      |   18.653|
adc_data<4>    |tempc<18>      |   18.708|
adc_data<4>    |tempc<19>      |   18.776|
adc_data<4>    |tempc<20>      |   18.778|
adc_data<4>    |tempc<21>      |   18.794|
adc_data<4>    |tempc<22>      |   18.929|
adc_data<4>    |tempc<23>      |   19.025|
adc_data<4>    |tempc<24>      |   19.080|
adc_data<4>    |tempc<25>      |   18.987|
adc_data<4>    |tempc<26>      |   19.242|
adc_data<4>    |tempc<27>      |   19.310|
adc_data<4>    |tempc<28>      |   19.242|
adc_data<4>    |tempc<29>      |   19.204|
adc_data<4>    |tempc<30>      |   19.493|
adc_data<4>    |tempc<31>      |   19.490|
adc_data<5>    |tempc<0>       |   16.136|
adc_data<5>    |tempc<1>       |   16.726|
adc_data<5>    |tempc<2>       |   17.579|
adc_data<5>    |tempc<3>       |   17.692|
adc_data<5>    |tempc<4>       |   17.740|
adc_data<5>    |tempc<5>       |   17.594|
adc_data<5>    |tempc<6>       |   18.352|
adc_data<5>    |tempc<7>       |   18.328|
adc_data<5>    |tempc<8>       |   18.365|
adc_data<5>    |tempc<9>       |   18.289|
adc_data<5>    |tempc<10>      |   18.822|
adc_data<5>    |tempc<11>      |   18.773|
adc_data<5>    |tempc<12>      |   18.819|
adc_data<5>    |tempc<13>      |   18.623|
adc_data<5>    |tempc<14>      |   18.871|
adc_data<5>    |tempc<15>      |   18.929|
adc_data<5>    |tempc<16>      |   18.911|
adc_data<5>    |tempc<17>      |   18.746|
adc_data<5>    |tempc<18>      |   18.801|
adc_data<5>    |tempc<19>      |   18.869|
adc_data<5>    |tempc<20>      |   18.871|
adc_data<5>    |tempc<21>      |   18.887|
adc_data<5>    |tempc<22>      |   19.022|
adc_data<5>    |tempc<23>      |   19.118|
adc_data<5>    |tempc<24>      |   19.173|
adc_data<5>    |tempc<25>      |   19.080|
adc_data<5>    |tempc<26>      |   19.335|
adc_data<5>    |tempc<27>      |   19.403|
adc_data<5>    |tempc<28>      |   19.335|
adc_data<5>    |tempc<29>      |   19.297|
adc_data<5>    |tempc<30>      |   19.586|
adc_data<5>    |tempc<31>      |   19.583|
adc_data<6>    |tempc<0>       |   15.770|
adc_data<6>    |tempc<1>       |   16.458|
adc_data<6>    |tempc<2>       |   17.311|
adc_data<6>    |tempc<3>       |   17.424|
adc_data<6>    |tempc<4>       |   17.472|
adc_data<6>    |tempc<5>       |   17.326|
adc_data<6>    |tempc<6>       |   18.084|
adc_data<6>    |tempc<7>       |   18.060|
adc_data<6>    |tempc<8>       |   18.097|
adc_data<6>    |tempc<9>       |   18.021|
adc_data<6>    |tempc<10>      |   18.554|
adc_data<6>    |tempc<11>      |   18.505|
adc_data<6>    |tempc<12>      |   18.551|
adc_data<6>    |tempc<13>      |   18.355|
adc_data<6>    |tempc<14>      |   18.603|
adc_data<6>    |tempc<15>      |   18.661|
adc_data<6>    |tempc<16>      |   18.643|
adc_data<6>    |tempc<17>      |   18.478|
adc_data<6>    |tempc<18>      |   18.533|
adc_data<6>    |tempc<19>      |   18.601|
adc_data<6>    |tempc<20>      |   18.603|
adc_data<6>    |tempc<21>      |   18.619|
adc_data<6>    |tempc<22>      |   18.754|
adc_data<6>    |tempc<23>      |   18.850|
adc_data<6>    |tempc<24>      |   18.905|
adc_data<6>    |tempc<25>      |   18.812|
adc_data<6>    |tempc<26>      |   19.067|
adc_data<6>    |tempc<27>      |   19.135|
adc_data<6>    |tempc<28>      |   19.067|
adc_data<6>    |tempc<29>      |   19.029|
adc_data<6>    |tempc<30>      |   19.318|
adc_data<6>    |tempc<31>      |   19.315|
adc_data<15>   |tempc<0>       |    8.640|
adc_data<15>   |tempc<1>       |    8.709|
adc_data<15>   |tempc<2>       |    9.075|
adc_data<15>   |tempc<3>       |    9.155|
adc_data<15>   |tempc<4>       |    9.115|
adc_data<15>   |tempc<5>       |    8.951|
adc_data<15>   |tempc<6>       |    9.279|
adc_data<15>   |tempc<7>       |    9.221|
adc_data<15>   |tempc<8>       |    9.154|
adc_data<15>   |tempc<9>       |    9.075|
adc_data<15>   |tempc<10>      |    9.261|
adc_data<15>   |tempc<11>      |    9.221|
adc_data<15>   |tempc<12>      |    9.195|
adc_data<15>   |tempc<13>      |    8.999|
adc_data<15>   |tempc<14>      |    9.247|
adc_data<15>   |tempc<15>      |    9.305|
adc_data<15>   |tempc<16>      |    9.287|
adc_data<15>   |tempc<17>      |    9.122|
adc_data<15>   |tempc<18>      |    9.177|
adc_data<15>   |tempc<19>      |    9.245|
adc_data<15>   |tempc<20>      |    9.247|
adc_data<15>   |tempc<21>      |    9.263|
adc_data<15>   |tempc<22>      |    9.398|
adc_data<15>   |tempc<23>      |    9.494|
adc_data<15>   |tempc<24>      |    9.549|
adc_data<15>   |tempc<25>      |    9.456|
adc_data<15>   |tempc<26>      |    9.711|
adc_data<15>   |tempc<27>      |    9.779|
adc_data<15>   |tempc<28>      |    9.711|
adc_data<15>   |tempc<29>      |    9.673|
adc_data<15>   |tempc<30>      |    9.962|
adc_data<15>   |tempc<31>      |    9.959|
tc_base<0>     |tempc<0>       |    8.890|
tc_base<0>     |tempc<1>       |    8.959|
tc_base<0>     |tempc<2>       |    9.306|
tc_base<0>     |tempc<3>       |    9.385|
tc_base<0>     |tempc<4>       |    9.329|
tc_base<0>     |tempc<5>       |    9.165|
tc_base<0>     |tempc<6>       |    9.435|
tc_base<0>     |tempc<7>       |    9.387|
tc_base<0>     |tempc<8>       |    9.240|
tc_base<0>     |tempc<9>       |    9.161|
tc_base<0>     |tempc<10>      |    9.347|
tc_base<0>     |tempc<11>      |    9.307|
tc_base<0>     |tempc<12>      |    9.281|
tc_base<0>     |tempc<13>      |    9.085|
tc_base<0>     |tempc<14>      |    9.333|
tc_base<0>     |tempc<15>      |    9.391|
tc_base<0>     |tempc<16>      |    9.373|
tc_base<0>     |tempc<17>      |    9.208|
tc_base<0>     |tempc<18>      |    9.263|
tc_base<0>     |tempc<19>      |    9.331|
tc_base<0>     |tempc<20>      |    9.333|
tc_base<0>     |tempc<21>      |    9.349|
tc_base<0>     |tempc<22>      |    9.484|
tc_base<0>     |tempc<23>      |    9.580|
tc_base<0>     |tempc<24>      |    9.635|
tc_base<0>     |tempc<25>      |    9.542|
tc_base<0>     |tempc<26>      |    9.797|
tc_base<0>     |tempc<27>      |    9.865|
tc_base<0>     |tempc<28>      |    9.797|
tc_base<0>     |tempc<29>      |    9.759|
tc_base<0>     |tempc<30>      |   10.048|
tc_base<0>     |tempc<31>      |   10.045|
tc_base<1>     |tempc<1>       |    8.304|
tc_base<1>     |tempc<2>       |    8.833|
tc_base<1>     |tempc<3>       |    8.913|
tc_base<1>     |tempc<4>       |    8.849|
tc_base<1>     |tempc<5>       |    8.685|
tc_base<1>     |tempc<6>       |    8.955|
tc_base<1>     |tempc<7>       |    8.907|
tc_base<1>     |tempc<8>       |    8.760|
tc_base<1>     |tempc<9>       |    8.681|
tc_base<1>     |tempc<10>      |    8.867|
tc_base<1>     |tempc<11>      |    8.827|
tc_base<1>     |tempc<12>      |    8.801|
tc_base<1>     |tempc<13>      |    8.605|
tc_base<1>     |tempc<14>      |    8.853|
tc_base<1>     |tempc<15>      |    8.911|
tc_base<1>     |tempc<16>      |    8.893|
tc_base<1>     |tempc<17>      |    8.728|
tc_base<1>     |tempc<18>      |    8.783|
tc_base<1>     |tempc<19>      |    8.851|
tc_base<1>     |tempc<20>      |    8.853|
tc_base<1>     |tempc<21>      |    8.869|
tc_base<1>     |tempc<22>      |    9.004|
tc_base<1>     |tempc<23>      |    9.100|
tc_base<1>     |tempc<24>      |    9.155|
tc_base<1>     |tempc<25>      |    9.062|
tc_base<1>     |tempc<26>      |    9.317|
tc_base<1>     |tempc<27>      |    9.385|
tc_base<1>     |tempc<28>      |    9.317|
tc_base<1>     |tempc<29>      |    9.279|
tc_base<1>     |tempc<30>      |    9.568|
tc_base<1>     |tempc<31>      |    9.565|
tc_base<2>     |tempc<2>       |    9.138|
tc_base<2>     |tempc<3>       |    9.251|
tc_base<2>     |tempc<4>       |    9.299|
tc_base<2>     |tempc<5>       |    9.135|
tc_base<2>     |tempc<6>       |    9.405|
tc_base<2>     |tempc<7>       |    9.357|
tc_base<2>     |tempc<8>       |    9.210|
tc_base<2>     |tempc<9>       |    9.131|
tc_base<2>     |tempc<10>      |    9.317|
tc_base<2>     |tempc<11>      |    9.277|
tc_base<2>     |tempc<12>      |    9.251|
tc_base<2>     |tempc<13>      |    9.055|
tc_base<2>     |tempc<14>      |    9.303|
tc_base<2>     |tempc<15>      |    9.361|
tc_base<2>     |tempc<16>      |    9.343|
tc_base<2>     |tempc<17>      |    9.178|
tc_base<2>     |tempc<18>      |    9.233|
tc_base<2>     |tempc<19>      |    9.301|
tc_base<2>     |tempc<20>      |    9.303|
tc_base<2>     |tempc<21>      |    9.319|
tc_base<2>     |tempc<22>      |    9.454|
tc_base<2>     |tempc<23>      |    9.550|
tc_base<2>     |tempc<24>      |    9.605|
tc_base<2>     |tempc<25>      |    9.512|
tc_base<2>     |tempc<26>      |    9.767|
tc_base<2>     |tempc<27>      |    9.835|
tc_base<2>     |tempc<28>      |    9.767|
tc_base<2>     |tempc<29>      |    9.729|
tc_base<2>     |tempc<30>      |   10.018|
tc_base<2>     |tempc<31>      |   10.015|
tc_base<3>     |tempc<3>       |    9.069|
tc_base<3>     |tempc<4>       |    9.198|
tc_base<3>     |tempc<5>       |    9.034|
tc_base<3>     |tempc<6>       |    9.304|
tc_base<3>     |tempc<7>       |    9.256|
tc_base<3>     |tempc<8>       |    9.109|
tc_base<3>     |tempc<9>       |    9.030|
tc_base<3>     |tempc<10>      |    9.216|
tc_base<3>     |tempc<11>      |    9.176|
tc_base<3>     |tempc<12>      |    9.150|
tc_base<3>     |tempc<13>      |    8.954|
tc_base<3>     |tempc<14>      |    9.202|
tc_base<3>     |tempc<15>      |    9.260|
tc_base<3>     |tempc<16>      |    9.242|
tc_base<3>     |tempc<17>      |    9.077|
tc_base<3>     |tempc<18>      |    9.132|
tc_base<3>     |tempc<19>      |    9.200|
tc_base<3>     |tempc<20>      |    9.202|
tc_base<3>     |tempc<21>      |    9.218|
tc_base<3>     |tempc<22>      |    9.353|
tc_base<3>     |tempc<23>      |    9.449|
tc_base<3>     |tempc<24>      |    9.504|
tc_base<3>     |tempc<25>      |    9.411|
tc_base<3>     |tempc<26>      |    9.666|
tc_base<3>     |tempc<27>      |    9.734|
tc_base<3>     |tempc<28>      |    9.666|
tc_base<3>     |tempc<29>      |    9.628|
tc_base<3>     |tempc<30>      |    9.917|
tc_base<3>     |tempc<31>      |    9.914|
tc_base<4>     |tempc<4>       |    8.912|
tc_base<4>     |tempc<5>       |    8.804|
tc_base<4>     |tempc<6>       |    9.239|
tc_base<4>     |tempc<7>       |    9.181|
tc_base<4>     |tempc<8>       |    9.114|
tc_base<4>     |tempc<9>       |    9.035|
tc_base<4>     |tempc<10>      |    9.221|
tc_base<4>     |tempc<11>      |    9.181|
tc_base<4>     |tempc<12>      |    9.155|
tc_base<4>     |tempc<13>      |    8.959|
tc_base<4>     |tempc<14>      |    9.207|
tc_base<4>     |tempc<15>      |    9.265|
tc_base<4>     |tempc<16>      |    9.247|
tc_base<4>     |tempc<17>      |    9.082|
tc_base<4>     |tempc<18>      |    9.137|
tc_base<4>     |tempc<19>      |    9.205|
tc_base<4>     |tempc<20>      |    9.207|
tc_base<4>     |tempc<21>      |    9.223|
tc_base<4>     |tempc<22>      |    9.358|
tc_base<4>     |tempc<23>      |    9.454|
tc_base<4>     |tempc<24>      |    9.509|
tc_base<4>     |tempc<25>      |    9.416|
tc_base<4>     |tempc<26>      |    9.671|
tc_base<4>     |tempc<27>      |    9.739|
tc_base<4>     |tempc<28>      |    9.671|
tc_base<4>     |tempc<29>      |    9.633|
tc_base<4>     |tempc<30>      |    9.922|
tc_base<4>     |tempc<31>      |    9.919|
tc_base<5>     |tempc<5>       |    8.360|
tc_base<5>     |tempc<6>       |    8.977|
tc_base<5>     |tempc<7>       |    8.920|
tc_base<5>     |tempc<8>       |    8.845|
tc_base<5>     |tempc<9>       |    8.766|
tc_base<5>     |tempc<10>      |    8.952|
tc_base<5>     |tempc<11>      |    8.912|
tc_base<5>     |tempc<12>      |    8.886|
tc_base<5>     |tempc<13>      |    8.690|
tc_base<5>     |tempc<14>      |    8.938|
tc_base<5>     |tempc<15>      |    8.996|
tc_base<5>     |tempc<16>      |    8.978|
tc_base<5>     |tempc<17>      |    8.813|
tc_base<5>     |tempc<18>      |    8.868|
tc_base<5>     |tempc<19>      |    8.936|
tc_base<5>     |tempc<20>      |    8.938|
tc_base<5>     |tempc<21>      |    8.954|
tc_base<5>     |tempc<22>      |    9.089|
tc_base<5>     |tempc<23>      |    9.185|
tc_base<5>     |tempc<24>      |    9.240|
tc_base<5>     |tempc<25>      |    9.147|
tc_base<5>     |tempc<26>      |    9.402|
tc_base<5>     |tempc<27>      |    9.470|
tc_base<5>     |tempc<28>      |    9.402|
tc_base<5>     |tempc<29>      |    9.364|
tc_base<5>     |tempc<30>      |    9.653|
tc_base<5>     |tempc<31>      |    9.650|
tc_base<6>     |tempc<6>       |    8.715|
tc_base<6>     |tempc<7>       |    8.691|
tc_base<6>     |tempc<8>       |    8.728|
tc_base<6>     |tempc<9>       |    8.649|
tc_base<6>     |tempc<10>      |    8.835|
tc_base<6>     |tempc<11>      |    8.795|
tc_base<6>     |tempc<12>      |    8.769|
tc_base<6>     |tempc<13>      |    8.573|
tc_base<6>     |tempc<14>      |    8.821|
tc_base<6>     |tempc<15>      |    8.879|
tc_base<6>     |tempc<16>      |    8.861|
tc_base<6>     |tempc<17>      |    8.696|
tc_base<6>     |tempc<18>      |    8.751|
tc_base<6>     |tempc<19>      |    8.819|
tc_base<6>     |tempc<20>      |    8.821|
tc_base<6>     |tempc<21>      |    8.837|
tc_base<6>     |tempc<22>      |    8.972|
tc_base<6>     |tempc<23>      |    9.068|
tc_base<6>     |tempc<24>      |    9.123|
tc_base<6>     |tempc<25>      |    9.030|
tc_base<6>     |tempc<26>      |    9.285|
tc_base<6>     |tempc<27>      |    9.353|
tc_base<6>     |tempc<28>      |    9.285|
tc_base<6>     |tempc<29>      |    9.247|
tc_base<6>     |tempc<30>      |    9.536|
tc_base<6>     |tempc<31>      |    9.533|
tc_base<7>     |tempc<7>       |    8.658|
tc_base<7>     |tempc<8>       |    8.776|
tc_base<7>     |tempc<9>       |    8.697|
tc_base<7>     |tempc<10>      |    8.883|
tc_base<7>     |tempc<11>      |    8.843|
tc_base<7>     |tempc<12>      |    8.817|
tc_base<7>     |tempc<13>      |    8.621|
tc_base<7>     |tempc<14>      |    8.869|
tc_base<7>     |tempc<15>      |    8.927|
tc_base<7>     |tempc<16>      |    8.909|
tc_base<7>     |tempc<17>      |    8.744|
tc_base<7>     |tempc<18>      |    8.799|
tc_base<7>     |tempc<19>      |    8.867|
tc_base<7>     |tempc<20>      |    8.869|
tc_base<7>     |tempc<21>      |    8.885|
tc_base<7>     |tempc<22>      |    9.020|
tc_base<7>     |tempc<23>      |    9.116|
tc_base<7>     |tempc<24>      |    9.171|
tc_base<7>     |tempc<25>      |    9.078|
tc_base<7>     |tempc<26>      |    9.333|
tc_base<7>     |tempc<27>      |    9.401|
tc_base<7>     |tempc<28>      |    9.333|
tc_base<7>     |tempc<29>      |    9.295|
tc_base<7>     |tempc<30>      |    9.584|
tc_base<7>     |tempc<31>      |    9.581|
tc_base<8>     |tempc<8>       |    8.406|
tc_base<8>     |tempc<9>       |    8.383|
tc_base<8>     |tempc<10>      |    8.734|
tc_base<8>     |tempc<11>      |    8.684|
tc_base<8>     |tempc<12>      |    8.738|
tc_base<8>     |tempc<13>      |    8.542|
tc_base<8>     |tempc<14>      |    8.790|
tc_base<8>     |tempc<15>      |    8.848|
tc_base<8>     |tempc<16>      |    8.830|
tc_base<8>     |tempc<17>      |    8.665|
tc_base<8>     |tempc<18>      |    8.720|
tc_base<8>     |tempc<19>      |    8.788|
tc_base<8>     |tempc<20>      |    8.790|
tc_base<8>     |tempc<21>      |    8.806|
tc_base<8>     |tempc<22>      |    8.941|
tc_base<8>     |tempc<23>      |    9.037|
tc_base<8>     |tempc<24>      |    9.092|
tc_base<8>     |tempc<25>      |    8.999|
tc_base<8>     |tempc<26>      |    9.254|
tc_base<8>     |tempc<27>      |    9.322|
tc_base<8>     |tempc<28>      |    9.254|
tc_base<8>     |tempc<29>      |    9.216|
tc_base<8>     |tempc<30>      |    9.505|
tc_base<8>     |tempc<31>      |    9.502|
tc_base<9>     |tempc<9>       |    8.541|
tc_base<9>     |tempc<10>      |    9.074|
tc_base<9>     |tempc<11>      |    9.025|
tc_base<9>     |tempc<12>      |    9.071|
tc_base<9>     |tempc<13>      |    8.875|
tc_base<9>     |tempc<14>      |    9.123|
tc_base<9>     |tempc<15>      |    9.181|
tc_base<9>     |tempc<16>      |    9.163|
tc_base<9>     |tempc<17>      |    8.998|
tc_base<9>     |tempc<18>      |    9.053|
tc_base<9>     |tempc<19>      |    9.121|
tc_base<9>     |tempc<20>      |    9.123|
tc_base<9>     |tempc<21>      |    9.139|
tc_base<9>     |tempc<22>      |    9.274|
tc_base<9>     |tempc<23>      |    9.370|
tc_base<9>     |tempc<24>      |    9.425|
tc_base<9>     |tempc<25>      |    9.332|
tc_base<9>     |tempc<26>      |    9.587|
tc_base<9>     |tempc<27>      |    9.655|
tc_base<9>     |tempc<28>      |    9.587|
tc_base<9>     |tempc<29>      |    9.549|
tc_base<9>     |tempc<30>      |    9.838|
tc_base<9>     |tempc<31>      |    9.835|
tc_base<10>    |tempc<10>      |    8.734|
tc_base<10>    |tempc<11>      |    8.718|
tc_base<10>    |tempc<12>      |    8.876|
tc_base<10>    |tempc<13>      |    8.680|
tc_base<10>    |tempc<14>      |    8.928|
tc_base<10>    |tempc<15>      |    8.986|
tc_base<10>    |tempc<16>      |    8.968|
tc_base<10>    |tempc<17>      |    8.803|
tc_base<10>    |tempc<18>      |    8.858|
tc_base<10>    |tempc<19>      |    8.926|
tc_base<10>    |tempc<20>      |    8.928|
tc_base<10>    |tempc<21>      |    8.944|
tc_base<10>    |tempc<22>      |    9.079|
tc_base<10>    |tempc<23>      |    9.175|
tc_base<10>    |tempc<24>      |    9.230|
tc_base<10>    |tempc<25>      |    9.137|
tc_base<10>    |tempc<26>      |    9.392|
tc_base<10>    |tempc<27>      |    9.460|
tc_base<10>    |tempc<28>      |    9.392|
tc_base<10>    |tempc<29>      |    9.354|
tc_base<10>    |tempc<30>      |    9.643|
tc_base<10>    |tempc<31>      |    9.640|
tc_base<11>    |tempc<11>      |    8.544|
tc_base<11>    |tempc<12>      |    8.783|
tc_base<11>    |tempc<13>      |    8.587|
tc_base<11>    |tempc<14>      |    8.835|
tc_base<11>    |tempc<15>      |    8.893|
tc_base<11>    |tempc<16>      |    8.875|
tc_base<11>    |tempc<17>      |    8.710|
tc_base<11>    |tempc<18>      |    8.765|
tc_base<11>    |tempc<19>      |    8.833|
tc_base<11>    |tempc<20>      |    8.835|
tc_base<11>    |tempc<21>      |    8.851|
tc_base<11>    |tempc<22>      |    8.986|
tc_base<11>    |tempc<23>      |    9.082|
tc_base<11>    |tempc<24>      |    9.137|
tc_base<11>    |tempc<25>      |    9.044|
tc_base<11>    |tempc<26>      |    9.299|
tc_base<11>    |tempc<27>      |    9.367|
tc_base<11>    |tempc<28>      |    9.299|
tc_base<11>    |tempc<29>      |    9.261|
tc_base<11>    |tempc<30>      |    9.550|
tc_base<11>    |tempc<31>      |    9.547|
tc_base<12>    |tempc<12>      |    8.153|
tc_base<12>    |tempc<13>      |    8.013|
tc_base<12>    |tempc<14>      |    8.426|
tc_base<12>    |tempc<15>      |    8.474|
tc_base<12>    |tempc<16>      |    8.536|
tc_base<12>    |tempc<17>      |    8.371|
tc_base<12>    |tempc<18>      |    8.426|
tc_base<12>    |tempc<19>      |    8.494|
tc_base<12>    |tempc<20>      |    8.496|
tc_base<12>    |tempc<21>      |    8.512|
tc_base<12>    |tempc<22>      |    8.647|
tc_base<12>    |tempc<23>      |    8.743|
tc_base<12>    |tempc<24>      |    8.798|
tc_base<12>    |tempc<25>      |    8.705|
tc_base<12>    |tempc<26>      |    8.960|
tc_base<12>    |tempc<27>      |    9.028|
tc_base<12>    |tempc<28>      |    8.960|
tc_base<12>    |tempc<29>      |    8.922|
tc_base<12>    |tempc<30>      |    9.211|
tc_base<12>    |tempc<31>      |    9.208|
tc_base<13>    |tempc<13>      |    8.001|
tc_base<13>    |tempc<14>      |    8.596|
tc_base<13>    |tempc<15>      |    8.645|
tc_base<13>    |tempc<16>      |    8.699|
tc_base<13>    |tempc<17>      |    8.534|
tc_base<13>    |tempc<18>      |    8.589|
tc_base<13>    |tempc<19>      |    8.657|
tc_base<13>    |tempc<20>      |    8.659|
tc_base<13>    |tempc<21>      |    8.675|
tc_base<13>    |tempc<22>      |    8.810|
tc_base<13>    |tempc<23>      |    8.906|
tc_base<13>    |tempc<24>      |    8.961|
tc_base<13>    |tempc<25>      |    8.868|
tc_base<13>    |tempc<26>      |    9.123|
tc_base<13>    |tempc<27>      |    9.191|
tc_base<13>    |tempc<28>      |    9.123|
tc_base<13>    |tempc<29>      |    9.085|
tc_base<13>    |tempc<30>      |    9.374|
tc_base<13>    |tempc<31>      |    9.371|
tc_base<14>    |tempc<14>      |    8.460|
tc_base<14>    |tempc<15>      |    8.542|
tc_base<14>    |tempc<16>      |    8.708|
tc_base<14>    |tempc<17>      |    8.543|
tc_base<14>    |tempc<18>      |    8.598|
tc_base<14>    |tempc<19>      |    8.666|
tc_base<14>    |tempc<20>      |    8.668|
tc_base<14>    |tempc<21>      |    8.684|
tc_base<14>    |tempc<22>      |    8.819|
tc_base<14>    |tempc<23>      |    8.915|
tc_base<14>    |tempc<24>      |    8.970|
tc_base<14>    |tempc<25>      |    8.877|
tc_base<14>    |tempc<26>      |    9.132|
tc_base<14>    |tempc<27>      |    9.200|
tc_base<14>    |tempc<28>      |    9.132|
tc_base<14>    |tempc<29>      |    9.094|
tc_base<14>    |tempc<30>      |    9.383|
tc_base<14>    |tempc<31>      |    9.380|
tc_base<15>    |tempc<15>      |    8.443|
tc_base<15>    |tempc<16>      |    8.690|
tc_base<15>    |tempc<17>      |    8.525|
tc_base<15>    |tempc<18>      |    8.580|
tc_base<15>    |tempc<19>      |    8.648|
tc_base<15>    |tempc<20>      |    8.650|
tc_base<15>    |tempc<21>      |    8.666|
tc_base<15>    |tempc<22>      |    8.801|
tc_base<15>    |tempc<23>      |    8.897|
tc_base<15>    |tempc<24>      |    8.952|
tc_base<15>    |tempc<25>      |    8.859|
tc_base<15>    |tempc<26>      |    9.114|
tc_base<15>    |tempc<27>      |    9.182|
tc_base<15>    |tempc<28>      |    9.114|
tc_base<15>    |tempc<29>      |    9.076|
tc_base<15>    |tempc<30>      |    9.365|
tc_base<15>    |tempc<31>      |    9.362|
tc_base<16>    |tempc<16>      |    7.985|
tc_base<16>    |tempc<17>      |    7.876|
tc_base<16>    |tempc<18>      |    8.096|
tc_base<16>    |tempc<19>      |    8.154|
tc_base<16>    |tempc<20>      |    8.236|
tc_base<16>    |tempc<21>      |    8.252|
tc_base<16>    |tempc<22>      |    8.387|
tc_base<16>    |tempc<23>      |    8.483|
tc_base<16>    |tempc<24>      |    8.538|
tc_base<16>    |tempc<25>      |    8.445|
tc_base<16>    |tempc<26>      |    8.700|
tc_base<16>    |tempc<27>      |    8.768|
tc_base<16>    |tempc<28>      |    8.700|
tc_base<16>    |tempc<29>      |    8.662|
tc_base<16>    |tempc<30>      |    8.951|
tc_base<16>    |tempc<31>      |    8.948|
tc_base<17>    |tempc<17>      |    7.825|
tc_base<17>    |tempc<18>      |    8.227|
tc_base<17>    |tempc<19>      |    8.286|
tc_base<17>    |tempc<20>      |    8.360|
tc_base<17>    |tempc<21>      |    8.376|
tc_base<17>    |tempc<22>      |    8.511|
tc_base<17>    |tempc<23>      |    8.607|
tc_base<17>    |tempc<24>      |    8.662|
tc_base<17>    |tempc<25>      |    8.569|
tc_base<17>    |tempc<26>      |    8.824|
tc_base<17>    |tempc<27>      |    8.892|
tc_base<17>    |tempc<28>      |    8.824|
tc_base<17>    |tempc<29>      |    8.786|
tc_base<17>    |tempc<30>      |    9.075|
tc_base<17>    |tempc<31>      |    9.072|
tc_base<18>    |tempc<18>      |    8.259|
tc_base<18>    |tempc<19>      |    8.351|
tc_base<18>    |tempc<20>      |    8.537|
tc_base<18>    |tempc<21>      |    8.553|
tc_base<18>    |tempc<22>      |    8.688|
tc_base<18>    |tempc<23>      |    8.784|
tc_base<18>    |tempc<24>      |    8.839|
tc_base<18>    |tempc<25>      |    8.746|
tc_base<18>    |tempc<26>      |    9.001|
tc_base<18>    |tempc<27>      |    9.069|
tc_base<18>    |tempc<28>      |    9.001|
tc_base<18>    |tempc<29>      |    8.963|
tc_base<18>    |tempc<30>      |    9.252|
tc_base<18>    |tempc<31>      |    9.249|
tc_base<19>    |tempc<19>      |    8.175|
tc_base<19>    |tempc<20>      |    8.442|
tc_base<19>    |tempc<21>      |    8.458|
tc_base<19>    |tempc<22>      |    8.593|
tc_base<19>    |tempc<23>      |    8.689|
tc_base<19>    |tempc<24>      |    8.744|
tc_base<19>    |tempc<25>      |    8.651|
tc_base<19>    |tempc<26>      |    8.906|
tc_base<19>    |tempc<27>      |    8.974|
tc_base<19>    |tempc<28>      |    8.906|
tc_base<19>    |tempc<29>      |    8.868|
tc_base<19>    |tempc<30>      |    9.157|
tc_base<19>    |tempc<31>      |    9.154|
tc_base<20>    |tempc<20>      |    7.960|
tc_base<20>    |tempc<21>      |    8.032|
tc_base<20>    |tempc<22>      |    8.332|
tc_base<20>    |tempc<23>      |    8.418|
tc_base<20>    |tempc<24>      |    8.553|
tc_base<20>    |tempc<25>      |    8.460|
tc_base<20>    |tempc<26>      |    8.715|
tc_base<20>    |tempc<27>      |    8.783|
tc_base<20>    |tempc<28>      |    8.715|
tc_base<20>    |tempc<29>      |    8.677|
tc_base<20>    |tempc<30>      |    8.966|
tc_base<20>    |tempc<31>      |    8.963|
tc_base<21>    |tempc<21>      |    8.174|
tc_base<21>    |tempc<22>      |    8.656|
tc_base<21>    |tempc<23>      |    8.743|
tc_base<21>    |tempc<24>      |    8.870|
tc_base<21>    |tempc<25>      |    8.777|
tc_base<21>    |tempc<26>      |    9.032|
tc_base<21>    |tempc<27>      |    9.100|
tc_base<21>    |tempc<28>      |    9.032|
tc_base<21>    |tempc<29>      |    8.994|
tc_base<21>    |tempc<30>      |    9.283|
tc_base<21>    |tempc<31>      |    9.280|
tc_base<22>    |tempc<22>      |    8.474|
tc_base<22>    |tempc<23>      |    8.594|
tc_base<22>    |tempc<24>      |    8.833|
tc_base<22>    |tempc<25>      |    8.740|
tc_base<22>    |tempc<26>      |    8.995|
tc_base<22>    |tempc<27>      |    9.063|
tc_base<22>    |tempc<28>      |    8.995|
tc_base<22>    |tempc<29>      |    8.957|
tc_base<22>    |tempc<30>      |    9.246|
tc_base<22>    |tempc<31>      |    9.243|
tc_base<23>    |tempc<23>      |    8.462|
tc_base<23>    |tempc<24>      |    8.782|
tc_base<23>    |tempc<25>      |    8.689|
tc_base<23>    |tempc<26>      |    8.944|
tc_base<23>    |tempc<27>      |    9.012|
tc_base<23>    |tempc<28>      |    8.944|
tc_base<23>    |tempc<29>      |    8.906|
tc_base<23>    |tempc<30>      |    9.195|
tc_base<23>    |tempc<31>      |    9.192|
tc_base<24>    |tempc<24>      |    8.032|
tc_base<24>    |tempc<25>      |    7.995|
tc_base<24>    |tempc<26>      |    8.415|
tc_base<24>    |tempc<27>      |    8.473|
tc_base<24>    |tempc<28>      |    8.485|
tc_base<24>    |tempc<29>      |    8.447|
tc_base<24>    |tempc<30>      |    8.736|
tc_base<24>    |tempc<31>      |    8.733|
tc_base<25>    |tempc<25>      |    8.161|
tc_base<25>    |tempc<26>      |    8.763|
tc_base<25>    |tempc<27>      |    8.822|
tc_base<25>    |tempc<28>      |    8.826|
tc_base<25>    |tempc<29>      |    8.788|
tc_base<25>    |tempc<30>      |    9.077|
tc_base<25>    |tempc<31>      |    9.074|
tc_base<26>    |tempc<26>      |    8.667|
tc_base<26>    |tempc<27>      |    8.759|
tc_base<26>    |tempc<28>      |    8.875|
tc_base<26>    |tempc<29>      |    8.837|
tc_base<26>    |tempc<30>      |    9.126|
tc_base<26>    |tempc<31>      |    9.123|
tc_base<27>    |tempc<27>      |    8.723|
tc_base<27>    |tempc<28>      |    8.920|
tc_base<27>    |tempc<29>      |    8.882|
tc_base<27>    |tempc<30>      |    9.171|
tc_base<27>    |tempc<31>      |    9.168|
tc_base<28>    |tempc<28>      |    8.516|
tc_base<28>    |tempc<29>      |    8.534|
tc_base<28>    |tempc<30>      |    8.988|
tc_base<28>    |tempc<31>      |    8.975|
tc_base<29>    |tempc<29>      |    8.866|
tc_base<29>    |tempc<30>      |    9.502|
tc_base<29>    |tempc<31>      |    9.490|
tc_base<30>    |tempc<30>      |    8.996|
tc_base<30>    |tempc<31>      |    9.017|
tc_base<31>    |tempc<31>      |    8.939|
tc_ref<0>      |tempc<0>       |   19.919|
tc_ref<0>      |tempc<1>       |   20.098|
tc_ref<0>      |tempc<2>       |   20.767|
tc_ref<0>      |tempc<3>       |   20.880|
tc_ref<0>      |tempc<4>       |   20.928|
tc_ref<0>      |tempc<5>       |   20.764|
tc_ref<0>      |tempc<6>       |   21.264|
tc_ref<0>      |tempc<7>       |   21.207|
tc_ref<0>      |tempc<8>       |   21.132|
tc_ref<0>      |tempc<9>       |   21.053|
tc_ref<0>      |tempc<10>      |   21.408|
tc_ref<0>      |tempc<11>      |   21.359|
tc_ref<0>      |tempc<12>      |   21.405|
tc_ref<0>      |tempc<13>      |   21.209|
tc_ref<0>      |tempc<14>      |   21.457|
tc_ref<0>      |tempc<15>      |   21.515|
tc_ref<0>      |tempc<16>      |   21.497|
tc_ref<0>      |tempc<17>      |   21.332|
tc_ref<0>      |tempc<18>      |   21.387|
tc_ref<0>      |tempc<19>      |   21.455|
tc_ref<0>      |tempc<20>      |   21.457|
tc_ref<0>      |tempc<21>      |   21.473|
tc_ref<0>      |tempc<22>      |   21.608|
tc_ref<0>      |tempc<23>      |   21.704|
tc_ref<0>      |tempc<24>      |   21.759|
tc_ref<0>      |tempc<25>      |   21.666|
tc_ref<0>      |tempc<26>      |   21.921|
tc_ref<0>      |tempc<27>      |   21.989|
tc_ref<0>      |tempc<28>      |   21.921|
tc_ref<0>      |tempc<29>      |   21.883|
tc_ref<0>      |tempc<30>      |   22.172|
tc_ref<0>      |tempc<31>      |   22.169|
tc_ref<1>      |tempc<0>       |   19.858|
tc_ref<1>      |tempc<1>       |   20.037|
tc_ref<1>      |tempc<2>       |   20.706|
tc_ref<1>      |tempc<3>       |   20.819|
tc_ref<1>      |tempc<4>       |   20.867|
tc_ref<1>      |tempc<5>       |   20.703|
tc_ref<1>      |tempc<6>       |   21.203|
tc_ref<1>      |tempc<7>       |   21.146|
tc_ref<1>      |tempc<8>       |   21.071|
tc_ref<1>      |tempc<9>       |   20.992|
tc_ref<1>      |tempc<10>      |   21.347|
tc_ref<1>      |tempc<11>      |   21.298|
tc_ref<1>      |tempc<12>      |   21.344|
tc_ref<1>      |tempc<13>      |   21.148|
tc_ref<1>      |tempc<14>      |   21.396|
tc_ref<1>      |tempc<15>      |   21.454|
tc_ref<1>      |tempc<16>      |   21.436|
tc_ref<1>      |tempc<17>      |   21.271|
tc_ref<1>      |tempc<18>      |   21.326|
tc_ref<1>      |tempc<19>      |   21.394|
tc_ref<1>      |tempc<20>      |   21.396|
tc_ref<1>      |tempc<21>      |   21.412|
tc_ref<1>      |tempc<22>      |   21.547|
tc_ref<1>      |tempc<23>      |   21.643|
tc_ref<1>      |tempc<24>      |   21.698|
tc_ref<1>      |tempc<25>      |   21.605|
tc_ref<1>      |tempc<26>      |   21.860|
tc_ref<1>      |tempc<27>      |   21.928|
tc_ref<1>      |tempc<28>      |   21.860|
tc_ref<1>      |tempc<29>      |   21.822|
tc_ref<1>      |tempc<30>      |   22.111|
tc_ref<1>      |tempc<31>      |   22.108|
tc_ref<2>      |tempc<0>       |   19.674|
tc_ref<2>      |tempc<1>       |   19.853|
tc_ref<2>      |tempc<2>       |   20.522|
tc_ref<2>      |tempc<3>       |   20.635|
tc_ref<2>      |tempc<4>       |   20.683|
tc_ref<2>      |tempc<5>       |   20.519|
tc_ref<2>      |tempc<6>       |   21.019|
tc_ref<2>      |tempc<7>       |   20.962|
tc_ref<2>      |tempc<8>       |   20.887|
tc_ref<2>      |tempc<9>       |   20.808|
tc_ref<2>      |tempc<10>      |   21.163|
tc_ref<2>      |tempc<11>      |   21.114|
tc_ref<2>      |tempc<12>      |   21.160|
tc_ref<2>      |tempc<13>      |   20.964|
tc_ref<2>      |tempc<14>      |   21.212|
tc_ref<2>      |tempc<15>      |   21.270|
tc_ref<2>      |tempc<16>      |   21.252|
tc_ref<2>      |tempc<17>      |   21.087|
tc_ref<2>      |tempc<18>      |   21.142|
tc_ref<2>      |tempc<19>      |   21.210|
tc_ref<2>      |tempc<20>      |   21.212|
tc_ref<2>      |tempc<21>      |   21.228|
tc_ref<2>      |tempc<22>      |   21.363|
tc_ref<2>      |tempc<23>      |   21.459|
tc_ref<2>      |tempc<24>      |   21.514|
tc_ref<2>      |tempc<25>      |   21.421|
tc_ref<2>      |tempc<26>      |   21.676|
tc_ref<2>      |tempc<27>      |   21.744|
tc_ref<2>      |tempc<28>      |   21.676|
tc_ref<2>      |tempc<29>      |   21.638|
tc_ref<2>      |tempc<30>      |   21.927|
tc_ref<2>      |tempc<31>      |   21.924|
tc_ref<3>      |tempc<0>       |   19.329|
tc_ref<3>      |tempc<1>       |   19.508|
tc_ref<3>      |tempc<2>       |   20.177|
tc_ref<3>      |tempc<3>       |   20.290|
tc_ref<3>      |tempc<4>       |   20.338|
tc_ref<3>      |tempc<5>       |   20.174|
tc_ref<3>      |tempc<6>       |   20.674|
tc_ref<3>      |tempc<7>       |   20.617|
tc_ref<3>      |tempc<8>       |   20.542|
tc_ref<3>      |tempc<9>       |   20.463|
tc_ref<3>      |tempc<10>      |   20.818|
tc_ref<3>      |tempc<11>      |   20.769|
tc_ref<3>      |tempc<12>      |   20.815|
tc_ref<3>      |tempc<13>      |   20.619|
tc_ref<3>      |tempc<14>      |   20.867|
tc_ref<3>      |tempc<15>      |   20.925|
tc_ref<3>      |tempc<16>      |   20.907|
tc_ref<3>      |tempc<17>      |   20.742|
tc_ref<3>      |tempc<18>      |   20.797|
tc_ref<3>      |tempc<19>      |   20.865|
tc_ref<3>      |tempc<20>      |   20.867|
tc_ref<3>      |tempc<21>      |   20.883|
tc_ref<3>      |tempc<22>      |   21.018|
tc_ref<3>      |tempc<23>      |   21.114|
tc_ref<3>      |tempc<24>      |   21.169|
tc_ref<3>      |tempc<25>      |   21.076|
tc_ref<3>      |tempc<26>      |   21.331|
tc_ref<3>      |tempc<27>      |   21.399|
tc_ref<3>      |tempc<28>      |   21.331|
tc_ref<3>      |tempc<29>      |   21.293|
tc_ref<3>      |tempc<30>      |   21.582|
tc_ref<3>      |tempc<31>      |   21.579|
tc_ref<4>      |tempc<0>       |   18.980|
tc_ref<4>      |tempc<1>       |   19.159|
tc_ref<4>      |tempc<2>       |   19.828|
tc_ref<4>      |tempc<3>       |   19.941|
tc_ref<4>      |tempc<4>       |   19.989|
tc_ref<4>      |tempc<5>       |   19.825|
tc_ref<4>      |tempc<6>       |   20.325|
tc_ref<4>      |tempc<7>       |   20.268|
tc_ref<4>      |tempc<8>       |   20.193|
tc_ref<4>      |tempc<9>       |   20.114|
tc_ref<4>      |tempc<10>      |   20.469|
tc_ref<4>      |tempc<11>      |   20.420|
tc_ref<4>      |tempc<12>      |   20.466|
tc_ref<4>      |tempc<13>      |   20.270|
tc_ref<4>      |tempc<14>      |   20.518|
tc_ref<4>      |tempc<15>      |   20.576|
tc_ref<4>      |tempc<16>      |   20.558|
tc_ref<4>      |tempc<17>      |   20.393|
tc_ref<4>      |tempc<18>      |   20.448|
tc_ref<4>      |tempc<19>      |   20.516|
tc_ref<4>      |tempc<20>      |   20.518|
tc_ref<4>      |tempc<21>      |   20.534|
tc_ref<4>      |tempc<22>      |   20.669|
tc_ref<4>      |tempc<23>      |   20.765|
tc_ref<4>      |tempc<24>      |   20.820|
tc_ref<4>      |tempc<25>      |   20.727|
tc_ref<4>      |tempc<26>      |   20.982|
tc_ref<4>      |tempc<27>      |   21.050|
tc_ref<4>      |tempc<28>      |   20.982|
tc_ref<4>      |tempc<29>      |   20.944|
tc_ref<4>      |tempc<30>      |   21.233|
tc_ref<4>      |tempc<31>      |   21.230|
tc_ref<5>      |tempc<0>       |   17.876|
tc_ref<5>      |tempc<1>       |   18.055|
tc_ref<5>      |tempc<2>       |   18.724|
tc_ref<5>      |tempc<3>       |   18.837|
tc_ref<5>      |tempc<4>       |   18.885|
tc_ref<5>      |tempc<5>       |   18.721|
tc_ref<5>      |tempc<6>       |   19.221|
tc_ref<5>      |tempc<7>       |   19.164|
tc_ref<5>      |tempc<8>       |   19.089|
tc_ref<5>      |tempc<9>       |   19.010|
tc_ref<5>      |tempc<10>      |   19.365|
tc_ref<5>      |tempc<11>      |   19.316|
tc_ref<5>      |tempc<12>      |   19.362|
tc_ref<5>      |tempc<13>      |   19.166|
tc_ref<5>      |tempc<14>      |   19.414|
tc_ref<5>      |tempc<15>      |   19.472|
tc_ref<5>      |tempc<16>      |   19.454|
tc_ref<5>      |tempc<17>      |   19.289|
tc_ref<5>      |tempc<18>      |   19.344|
tc_ref<5>      |tempc<19>      |   19.412|
tc_ref<5>      |tempc<20>      |   19.414|
tc_ref<5>      |tempc<21>      |   19.430|
tc_ref<5>      |tempc<22>      |   19.565|
tc_ref<5>      |tempc<23>      |   19.661|
tc_ref<5>      |tempc<24>      |   19.716|
tc_ref<5>      |tempc<25>      |   19.623|
tc_ref<5>      |tempc<26>      |   19.878|
tc_ref<5>      |tempc<27>      |   19.946|
tc_ref<5>      |tempc<28>      |   19.878|
tc_ref<5>      |tempc<29>      |   19.840|
tc_ref<5>      |tempc<30>      |   20.129|
tc_ref<5>      |tempc<31>      |   20.126|
tc_ref<6>      |tempc<0>       |   16.666|
tc_ref<6>      |tempc<1>       |   16.845|
tc_ref<6>      |tempc<2>       |   17.514|
tc_ref<6>      |tempc<3>       |   17.627|
tc_ref<6>      |tempc<4>       |   17.675|
tc_ref<6>      |tempc<5>       |   17.511|
tc_ref<6>      |tempc<6>       |   17.993|
tc_ref<6>      |tempc<7>       |   17.936|
tc_ref<6>      |tempc<8>       |   17.861|
tc_ref<6>      |tempc<9>       |   17.782|
tc_ref<6>      |tempc<10>      |   17.968|
tc_ref<6>      |tempc<11>      |   17.928|
tc_ref<6>      |tempc<12>      |   17.902|
tc_ref<6>      |tempc<13>      |   17.706|
tc_ref<6>      |tempc<14>      |   17.954|
tc_ref<6>      |tempc<15>      |   18.012|
tc_ref<6>      |tempc<16>      |   17.994|
tc_ref<6>      |tempc<17>      |   17.829|
tc_ref<6>      |tempc<18>      |   17.884|
tc_ref<6>      |tempc<19>      |   17.952|
tc_ref<6>      |tempc<20>      |   17.954|
tc_ref<6>      |tempc<21>      |   17.970|
tc_ref<6>      |tempc<22>      |   18.105|
tc_ref<6>      |tempc<23>      |   18.201|
tc_ref<6>      |tempc<24>      |   18.256|
tc_ref<6>      |tempc<25>      |   18.163|
tc_ref<6>      |tempc<26>      |   18.418|
tc_ref<6>      |tempc<27>      |   18.486|
tc_ref<6>      |tempc<28>      |   18.418|
tc_ref<6>      |tempc<29>      |   18.380|
tc_ref<6>      |tempc<30>      |   18.669|
tc_ref<6>      |tempc<31>      |   18.666|
tc_ref<7>      |tempc<0>       |   19.903|
tc_ref<7>      |tempc<1>       |   20.082|
tc_ref<7>      |tempc<2>       |   20.751|
tc_ref<7>      |tempc<3>       |   20.864|
tc_ref<7>      |tempc<4>       |   20.912|
tc_ref<7>      |tempc<5>       |   20.748|
tc_ref<7>      |tempc<6>       |   21.248|
tc_ref<7>      |tempc<7>       |   21.191|
tc_ref<7>      |tempc<8>       |   21.116|
tc_ref<7>      |tempc<9>       |   21.037|
tc_ref<7>      |tempc<10>      |   21.392|
tc_ref<7>      |tempc<11>      |   21.343|
tc_ref<7>      |tempc<12>      |   21.389|
tc_ref<7>      |tempc<13>      |   21.193|
tc_ref<7>      |tempc<14>      |   21.441|
tc_ref<7>      |tempc<15>      |   21.499|
tc_ref<7>      |tempc<16>      |   21.481|
tc_ref<7>      |tempc<17>      |   21.316|
tc_ref<7>      |tempc<18>      |   21.371|
tc_ref<7>      |tempc<19>      |   21.439|
tc_ref<7>      |tempc<20>      |   21.441|
tc_ref<7>      |tempc<21>      |   21.457|
tc_ref<7>      |tempc<22>      |   21.592|
tc_ref<7>      |tempc<23>      |   21.688|
tc_ref<7>      |tempc<24>      |   21.743|
tc_ref<7>      |tempc<25>      |   21.650|
tc_ref<7>      |tempc<26>      |   21.905|
tc_ref<7>      |tempc<27>      |   21.973|
tc_ref<7>      |tempc<28>      |   21.905|
tc_ref<7>      |tempc<29>      |   21.867|
tc_ref<7>      |tempc<30>      |   22.156|
tc_ref<7>      |tempc<31>      |   22.153|
---------------+---------------+---------+


Analysis completed Sat Feb 06 19:51:06 2021 
--------------------------------------------------------------------------------

Trace Settings:
-------------------------
Trace Settings 

Peak Memory Usage: 4951 MB



