Release 14.7 - xst P.20131013 (nt64)
Copyright (c) 1995-2013 Xilinx, Inc.  All rights reserved.
--> Parameter TMPDIR set to xst/projnav.tmp


Total REAL time to Xst completion: 1.00 secs
Total CPU time to Xst completion: 0.08 secs
 
--> Parameter xsthdpdir set to xst


Total REAL time to Xst completion: 1.00 secs
Total CPU time to Xst completion: 0.08 secs
 
--> Reading design: TemperatureCalculator.prj

TABLE OF CONTENTS
  1) Synthesis Options Summary
  2) HDL Parsing
  3) HDL Elaboration
  4) HDL Synthesis
       4.1) HDL Synthesis Report
  5) Advanced HDL Synthesis
       5.1) Advanced HDL Synthesis Report
  6) Low Level Synthesis
  7) Partition Report
  8) Design Summary
       8.1) Primitive and Black Box Usage
       8.2) Device utilization summary
       8.3) Partition Resource Summary
       8.4) Timing Report
            8.4.1) Clock Information
            8.4.2) Asynchronous Control Signals Information
            8.4.3) Timing Summary
            8.4.4) Timing Details
            8.4.5) Cross Clock Domains Report


=========================================================================
*                      Synthesis Options Summary                        *
=========================================================================
---- Source Parameters
Input File Name                    : "TemperatureCalculator.prj"
Ignore Synthesis Constraint File   : NO

---- Target Parameters
Output File Name                   : "TemperatureCalculator"
Output Format                      : NGC
Target Device                      : xa7a100t-2I-csg324

---- Source Options
Top Module Name                    : TemperatureCalculator
Automatic FSM Extraction           : YES
FSM Encoding Algorithm             : Auto
Safe Implementation                : No
FSM Style                          : LUT
RAM Extraction                     : Yes
RAM Style                          : Auto
ROM Extraction                     : Yes
Shift Register Extraction          : YES
ROM Style                          : Auto
Resource Sharing                   : YES
Asynchronous To Synchronous        : NO
Shift Register Minimum Size        : 2
Use DSP Block                      : Auto
Automatic Register Balancing       : No

---- Target Options
LUT Combining                      : Auto
Reduce Control Sets                : Auto
Add IO Buffers                     : YES
Global Maximum Fanout              : 100000
Add Generic Clock Buffer(BUFG)     : 32
Register Duplication               : YES
Optimize Instantiated Primitives   : NO
Use Clock Enable                   : Auto
Use Synchronous Set                : Auto
Use Synchronous Reset              : Auto
Pack IO Registers into IOBs        : Auto
Equivalent register Removal        : YES

---- General Options
Optimization Goal                  : Speed
Optimization Effort                : 1
Power Reduction                    : NO
Keep Hierarchy                     : No
Netlist Hierarchy                  : As_Optimized
RTL Output                         : Yes
Global Optimization                : AllClockNets
Read Cores                         : YES
Write Timing Constraints           : NO
Cross Clock Analysis               : NO
Hierarchy Separator                : /
Bus Delimiter                      : <>
Case Specifier                     : Maintain
Slice Utilization Ratio            : 100
BRAM Utilization Ratio             : 100
DSP48 Utilization Ratio            : 100
Auto BRAM Packing                  : NO
Slice Utilization Ratio Delta      : 5

=========================================================================


=========================================================================
*                          HDL Parsing                                  *
=========================================================================
Analyzing Verilog file "C:\Users\Anformatic Golestan\Documents\Logic Circuits\Final Project\Module1\Multiplier8x8.v" into library work
Parsing module <Multiplier8x8>.
WARNING:HDLCompiler:327 - "C:\Users\Anformatic Golestan\Documents\Logic Circuits\Final Project\Module1\Multiplier8x8.v" Line 38: Concatenation with unsized literal; will interpret as 32 bits
WARNING:HDLCompiler:327 - "C:\Users\Anformatic Golestan\Documents\Logic Circuits\Final Project\Module1\Multiplier8x8.v" Line 39: Concatenation with unsized literal; will interpret as 32 bits
Analyzing Verilog file "C:\Users\Anformatic Golestan\Documents\Logic Circuits\Final Project\Module1\Multiplier16x16.v" into library work
Parsing module <Multiplier16x16>.
WARNING:HDLCompiler:327 - "C:\Users\Anformatic Golestan\Documents\Logic Circuits\Final Project\Module1\Multiplier16x16.v" Line 38: Concatenation with unsized literal; will interpret as 32 bits
WARNING:HDLCompiler:327 - "C:\Users\Anformatic Golestan\Documents\Logic Circuits\Final Project\Module1\Multiplier16x16.v" Line 39: Concatenation with unsized literal; will interpret as 32 bits
Analyzing Verilog file "C:\Users\Anformatic Golestan\Documents\Logic Circuits\Final Project\Module1\AdderSubtractor32bit.v" into library work
Parsing module <AdderSubtractor32x32>.
Analyzing Verilog file "C:\Users\Anformatic Golestan\Documents\Logic Circuits\Final Project\Module1\TemperatureCalculator.v" into library work
Parsing module <TemperatureCalculator>.

=========================================================================
*                            HDL Elaboration                            *
=========================================================================
WARNING:HDLCompiler:327 - "C:\Users\Anformatic Golestan\Documents\Logic Circuits\Final Project\Module1\TemperatureCalculator.v" Line 51: Concatenation with unsized literal; will interpret as 32 bits

Elaborating module <TemperatureCalculator>.
WARNING:HDLCompiler:327 - "C:\Users\Anformatic Golestan\Documents\Logic Circuits\Final Project\Module1\Multiplier8x8.v" Line 38: Concatenation with unsized literal; will interpret as 32 bits
WARNING:HDLCompiler:327 - "C:\Users\Anformatic Golestan\Documents\Logic Circuits\Final Project\Module1\Multiplier8x8.v" Line 39: Concatenation with unsized literal; will interpret as 32 bits

Elaborating module <Multiplier8x8>.
WARNING:HDLCompiler:413 - "C:\Users\Anformatic Golestan\Documents\Logic Circuits\Final Project\Module1\Multiplier8x8.v" Line 36: Result of 33-bit expression is truncated to fit in 16-bit target.
WARNING:HDLCompiler:413 - "C:\Users\Anformatic Golestan\Documents\Logic Circuits\Final Project\Module1\Multiplier8x8.v" Line 38: Result of 39-bit expression is truncated to fit in 8-bit target.
WARNING:HDLCompiler:413 - "C:\Users\Anformatic Golestan\Documents\Logic Circuits\Final Project\Module1\Multiplier8x8.v" Line 39: Result of 39-bit expression is truncated to fit in 8-bit target.
WARNING:HDLCompiler:91 - "C:\Users\Anformatic Golestan\Documents\Logic Circuits\Final Project\Module1\Multiplier8x8.v" Line 46: Signal <MagA> missing in the sensitivity list is added for synthesis purposes. HDL and post-synthesis simulations may differ as a result.
WARNING:HDLCompiler:91 - "C:\Users\Anformatic Golestan\Documents\Logic Circuits\Final Project\Module1\Multiplier8x8.v" Line 47: Signal <MagB> missing in the sensitivity list is added for synthesis purposes. HDL and post-synthesis simulations may differ as a result.
WARNING:HDLCompiler:327 - "C:\Users\Anformatic Golestan\Documents\Logic Circuits\Final Project\Module1\Multiplier16x16.v" Line 38: Concatenation with unsized literal; will interpret as 32 bits
WARNING:HDLCompiler:327 - "C:\Users\Anformatic Golestan\Documents\Logic Circuits\Final Project\Module1\Multiplier16x16.v" Line 39: Concatenation with unsized literal; will interpret as 32 bits

Elaborating module <Multiplier16x16>.
WARNING:HDLCompiler:413 - "C:\Users\Anformatic Golestan\Documents\Logic Circuits\Final Project\Module1\Multiplier16x16.v" Line 36: Result of 33-bit expression is truncated to fit in 32-bit target.
WARNING:HDLCompiler:413 - "C:\Users\Anformatic Golestan\Documents\Logic Circuits\Final Project\Module1\Multiplier16x16.v" Line 38: Result of 39-bit expression is truncated to fit in 16-bit target.
WARNING:HDLCompiler:413 - "C:\Users\Anformatic Golestan\Documents\Logic Circuits\Final Project\Module1\Multiplier16x16.v" Line 39: Result of 39-bit expression is truncated to fit in 16-bit target.
WARNING:HDLCompiler:91 - "C:\Users\Anformatic Golestan\Documents\Logic Circuits\Final Project\Module1\Multiplier16x16.v" Line 46: Signal <MagA> missing in the sensitivity list is added for synthesis purposes. HDL and post-synthesis simulations may differ as a result.
WARNING:HDLCompiler:91 - "C:\Users\Anformatic Golestan\Documents\Logic Circuits\Final Project\Module1\Multiplier16x16.v" Line 47: Signal <MagB> missing in the sensitivity list is added for synthesis purposes. HDL and post-synthesis simulations may differ as a result.

Elaborating module <AdderSubtractor32x32>.
WARNING:HDLCompiler:189 - "C:\Users\Anformatic Golestan\Documents\Logic Circuits\Final Project\Module1\TemperatureCalculator.v" Line 51: Size mismatch in connection of port <B>. Formal port size is 32-bit while actual signal size is 218-bit.

=========================================================================
*                           HDL Synthesis                               *
=========================================================================

Synthesizing Unit <TemperatureCalculator>.
    Related source file is "C:\Users\Anformatic Golestan\Documents\Logic Circuits\Final Project\Module1\TemperatureCalculator.v".
    Summary:
	no macro.
Unit <TemperatureCalculator> synthesized.

Synthesizing Unit <Multiplier8x8>.
    Related source file is "C:\Users\Anformatic Golestan\Documents\Logic Circuits\Final Project\Module1\Multiplier8x8.v".
    Found 16-bit subtractor for signal <GND_2_o_GND_2_o_sub_2_OUT> created at line 36.
    Found 39-bit adder for signal <GND_2_o_GND_2_o_add_6_OUT> created at line 38.
    Found 39-bit adder for signal <GND_2_o_GND_2_o_add_10_OUT> created at line 39.
    Found 16-bit adder for signal <GND_2_o_GND_2_o_add_15_OUT> created at line 47.
    Found 16-bit adder for signal <GND_2_o_GND_2_o_add_18_OUT> created at line 47.
    Found 16-bit adder for signal <GND_2_o_GND_2_o_add_21_OUT> created at line 47.
    Found 16-bit adder for signal <GND_2_o_GND_2_o_add_24_OUT> created at line 47.
    Found 16-bit adder for signal <GND_2_o_GND_2_o_add_27_OUT> created at line 47.
    Found 16-bit adder for signal <GND_2_o_GND_2_o_add_30_OUT> created at line 47.
    Summary:
	inferred   9 Adder/Subtractor(s).
	inferred  10 Multiplexer(s).
Unit <Multiplier8x8> synthesized.

Synthesizing Unit <Multiplier16x16>.
    Related source file is "C:\Users\Anformatic Golestan\Documents\Logic Circuits\Final Project\Module1\Multiplier16x16.v".
    Found 32-bit subtractor for signal <GND_3_o_GND_3_o_sub_2_OUT> created at line 36.
    Found 39-bit adder for signal <GND_3_o_GND_3_o_add_6_OUT> created at line 38.
    Found 39-bit adder for signal <GND_3_o_GND_3_o_add_10_OUT> created at line 39.
    Found 32-bit adder for signal <GND_3_o_GND_3_o_add_15_OUT> created at line 47.
    Found 32-bit adder for signal <GND_3_o_GND_3_o_add_18_OUT> created at line 47.
    Found 32-bit adder for signal <GND_3_o_GND_3_o_add_21_OUT> created at line 47.
    Found 32-bit adder for signal <GND_3_o_GND_3_o_add_24_OUT> created at line 47.
    Found 32-bit adder for signal <GND_3_o_GND_3_o_add_27_OUT> created at line 47.
    Found 32-bit adder for signal <GND_3_o_GND_3_o_add_30_OUT> created at line 47.
    Found 32-bit adder for signal <GND_3_o_GND_3_o_add_33_OUT> created at line 47.
    Found 32-bit adder for signal <GND_3_o_GND_3_o_add_36_OUT> created at line 47.
    Found 32-bit adder for signal <GND_3_o_GND_3_o_add_39_OUT> created at line 47.
    Found 32-bit adder for signal <GND_3_o_GND_3_o_add_42_OUT> created at line 47.
    Found 32-bit adder for signal <GND_3_o_GND_3_o_add_45_OUT> created at line 47.
    Found 32-bit adder for signal <GND_3_o_GND_3_o_add_48_OUT> created at line 47.
    Found 32-bit adder for signal <GND_3_o_GND_3_o_add_51_OUT> created at line 47.
    Found 32-bit adder for signal <GND_3_o_GND_3_o_add_54_OUT> created at line 47.
    Summary:
	inferred  17 Adder/Subtractor(s).
	inferred  18 Multiplexer(s).
Unit <Multiplier16x16> synthesized.

Synthesizing Unit <AdderSubtractor32x32>.
    Related source file is "C:\Users\Anformatic Golestan\Documents\Logic Circuits\Final Project\Module1\AdderSubtractor32bit.v".
    Found 32-bit subtractor for signal <B[31]_GND_4_o_sub_2_OUT> created at line 32.
    Found 32-bit adder for signal <S> created at line 33.
    Summary:
	inferred   2 Adder/Subtractor(s).
	inferred   1 Multiplexer(s).
Unit <AdderSubtractor32x32> synthesized.

=========================================================================
HDL Synthesis Report

Macro Statistics
# Adders/Subtractors                                   : 28
 16-bit adder                                          : 6
 16-bit subtractor                                     : 1
 32-bit adder                                          : 15
 32-bit subtractor                                     : 2
 39-bit adder                                          : 4
# Multiplexers                                         : 29
 16-bit 2-to-1 multiplexer                             : 7
 32-bit 2-to-1 multiplexer                             : 18
 39-bit 2-to-1 multiplexer                             : 4
# Xors                                                 : 2
 1-bit xor2                                            : 2

=========================================================================

=========================================================================
*                       Advanced HDL Synthesis                          *
=========================================================================

WARNING:Xst - The specified part-type was not generated at build time. XST is loading the full part-type and will therefore consume more CPU and memory.
Loading device for application Rf_Device from file '7a100t.nph' in environment C:\Xilinx\14.7\ISE_DS\ISE\.
Loading device for application Rf_Device from file '7a100t.nph' in environment C:\Xilinx\14.7\ISE_DS\ISE\.

=========================================================================
Advanced HDL Synthesis Report

Macro Statistics
# Adders/Subtractors                                   : 28
 16-bit adder                                          : 6
 16-bit subtractor                                     : 1
 32-bit adder                                          : 15
 32-bit subtractor                                     : 2
 39-bit adder                                          : 4
# Multiplexers                                         : 29
 16-bit 2-to-1 multiplexer                             : 7
 32-bit 2-to-1 multiplexer                             : 18
 39-bit 2-to-1 multiplexer                             : 4
# Xors                                                 : 2
 1-bit xor2                                            : 2

=========================================================================

=========================================================================
*                         Low Level Synthesis                           *
=========================================================================

Optimizing unit <TemperatureCalculator> ...

Optimizing unit <AdderSubtractor32x32> ...

Optimizing unit <Multiplier8x8> ...

Optimizing unit <Multiplier16x16> ...

Mapping all equations...
Building and optimizing final netlist ...
Found area constraint ratio of 100 (+ 5) on block TemperatureCalculator, actual ratio is 0.

Final Macro Processing ...

=========================================================================
Final Register Report

Found no macro
=========================================================================

=========================================================================
*                           Partition Report                            *
=========================================================================

Partition Implementation Status
-------------------------------

  No Partitions were found in this design.

-------------------------------

=========================================================================
*                            Design Summary                             *
=========================================================================

Top Level Output File Name         : TemperatureCalculator.ngc

Primitive and Black Box Usage:
------------------------------
# BELS                             : 396
#      GND                         : 1
#      LUT1                        : 1
#      LUT2                        : 3
#      LUT3                        : 52
#      LUT4                        : 19
#      LUT5                        : 40
#      LUT6                        : 41
#      MUXCY                       : 115
#      VCC                         : 1
#      XORCY                       : 123
# IO Buffers                       : 80
#      IBUF                        : 48
#      OBUF                        : 32

Device utilization summary:
---------------------------

Selected Device : xa7a100tcsg324-2i 


Slice Logic Utilization: 
 Number of Slice LUTs:                  156  out of  63400     0%  
    Number used as Logic:               156  out of  63400     0%  

Slice Logic Distribution: 
 Number of LUT Flip Flop pairs used:    156
   Number with an unused Flip Flop:     156  out of    156   100%  
   Number with an unused LUT:             0  out of    156     0%  
   Number of fully used LUT-FF pairs:     0  out of    156     0%  
   Number of unique control sets:         0

IO Utilization: 
 Number of IOs:                          88
 Number of bonded IOBs:                  80  out of    210    38%  

Specific Feature Utilization:

---------------------------
Partition Resource Summary:
---------------------------

  No Partitions were found in this design.

---------------------------


=========================================================================
Timing Report

NOTE: THESE TIMING NUMBERS ARE ONLY A SYNTHESIS ESTIMATE.
      FOR ACCURATE TIMING INFORMATION PLEASE REFER TO THE TRACE REPORT
      GENERATED AFTER PLACE-and-ROUTE.

Clock Information:
------------------
No clock signals found in this design

Asynchronous Control Signals Information:
----------------------------------------
No asynchronous control signals found in this design

Timing Summary:
---------------
Speed Grade: -2

   Minimum period: No path found
   Minimum input arrival time before clock: No path found
   Maximum output required time after clock: No path found
   Maximum combinational path delay: 12.778ns

Timing Details:
---------------
All values displayed in nanoseconds (ns)

=========================================================================
Timing constraint: Default path analysis
  Total number of paths / destination ports: 697212839 / 32
-------------------------------------------------------------------------
Delay:               12.778ns (Levels of Logic = 54)
  Source:            tc_ref<0> (PAD)
  Destination:       tempc<31> (PAD)

  Data Path: tc_ref<0> to tempc<31>
                                Gate     Net
    Cell:in->out      fanout   Delay   Delay  Logical Name (Net Name)
    ----------------------------------------  ------------
     IBUF:I->O            59   0.001   0.706  tc_ref_0_IBUF (tc_ref_0_IBUF)
     LUT3:I0->O            1   0.097   0.000  refMult/Madd_GND_2_o_GND_2_o_add_15_OUT_lut<1>1 (refMult/Madd_GND_2_o_GND_2_o_add_15_OUT_lut<1>)
     MUXCY:S->O            1   0.353   0.000  refMult/Madd_GND_2_o_GND_2_o_add_15_OUT_cy<1> (refMult/Madd_GND_2_o_GND_2_o_add_15_OUT_cy<1>)
     MUXCY:CI->O           1   0.023   0.000  refMult/Madd_GND_2_o_GND_2_o_add_15_OUT_cy<2> (refMult/Madd_GND_2_o_GND_2_o_add_15_OUT_cy<2>)
     XORCY:CI->O           2   0.370   0.621  refMult/Madd_GND_2_o_GND_2_o_add_15_OUT_xor<3> (refMult/GND_2_o_GND_2_o_add_15_OUT<3>)
     LUT5:I1->O            4   0.097   0.356  refMult/Mmux_n0083101 (refMult/n0083<3>)
     MUXCY:DI->O           1   0.337   0.000  refMult/Madd_GND_2_o_GND_2_o_add_18_OUT_cy<3> (refMult/Madd_GND_2_o_GND_2_o_add_18_OUT_cy<3>)
     XORCY:CI->O           2   0.370   0.360  refMult/Madd_GND_2_o_GND_2_o_add_18_OUT_xor<4> (refMult/GND_2_o_GND_2_o_add_18_OUT<4>)
     LUT6:I5->O            3   0.097   0.351  refMult/Mmux_n0086111 (refMult/n0086<4>)
     MUXCY:DI->O           1   0.337   0.000  refMult/Madd_GND_2_o_GND_2_o_add_21_OUT_cy<4> (refMult/Madd_GND_2_o_GND_2_o_add_21_OUT_cy<4>)
     XORCY:CI->O           4   0.370   0.633  refMult/Madd_GND_2_o_GND_2_o_add_21_OUT_xor<5> (refMult/GND_2_o_GND_2_o_add_21_OUT<5>)
     LUT6:I2->O            1   0.097   0.000  refMult/Madd_GND_2_o_GND_2_o_add_24_OUT_lut<5> (refMult/Madd_GND_2_o_GND_2_o_add_24_OUT_lut<5>)
     XORCY:LI->O           2   0.173   0.360  refMult/Madd_GND_2_o_GND_2_o_add_24_OUT_xor<5> (refMult/GND_2_o_GND_2_o_add_24_OUT<5>)
     LUT5:I4->O            2   0.097   0.344  refMult/Mmux_n0092121 (refMult/n0092<5>)
     MUXCY:DI->O           0   0.337   0.000  refMult/Madd_GND_2_o_GND_2_o_add_27_OUT_cy<5> (refMult/Madd_GND_2_o_GND_2_o_add_27_OUT_cy<5>)
     XORCY:CI->O           2   0.370   0.621  refMult/Madd_GND_2_o_GND_2_o_add_27_OUT_xor<6> (refMult/GND_2_o_GND_2_o_add_27_OUT<6>)
     LUT5:I1->O            1   0.097   0.616  refMult/Mmux_n0095131 (refMult/n0095<6>)
     LUT6:I2->O           16   0.097   0.826  refMult/Mmux_tempProduct121 (ref2<6>)
     LUT5:I0->O            1   0.097   0.000  dataMult/Mmux_n01452911 (dataMult/Mmux_n0145291)
     MUXCY:S->O            1   0.353   0.000  resultAdder/Msub_B[31]_GND_4_o_sub_2_OUT_cy<0> (resultAdder/Msub_B[31]_GND_4_o_sub_2_OUT_cy<0>)
     MUXCY:CI->O           1   0.023   0.000  resultAdder/Msub_B[31]_GND_4_o_sub_2_OUT_cy<1> (resultAdder/Msub_B[31]_GND_4_o_sub_2_OUT_cy<1>)
     MUXCY:CI->O           1   0.023   0.000  resultAdder/Msub_B[31]_GND_4_o_sub_2_OUT_cy<2> (resultAdder/Msub_B[31]_GND_4_o_sub_2_OUT_cy<2>)
     MUXCY:CI->O           1   0.023   0.000  resultAdder/Msub_B[31]_GND_4_o_sub_2_OUT_cy<3> (resultAdder/Msub_B[31]_GND_4_o_sub_2_OUT_cy<3>)
     MUXCY:CI->O           1   0.023   0.000  resultAdder/Msub_B[31]_GND_4_o_sub_2_OUT_cy<4> (resultAdder/Msub_B[31]_GND_4_o_sub_2_OUT_cy<4>)
     MUXCY:CI->O           1   0.023   0.000  resultAdder/Msub_B[31]_GND_4_o_sub_2_OUT_cy<5> (resultAdder/Msub_B[31]_GND_4_o_sub_2_OUT_cy<5>)
     XORCY:CI->O           1   0.370   0.616  resultAdder/Msub_B[31]_GND_4_o_sub_2_OUT_xor<6> (resultAdder/B[31]_GND_4_o_sub_2_OUT<6>)
     LUT6:I2->O            1   0.097   0.000  resultAdder/Madd_S_lut<6> (resultAdder/Madd_S_lut<6>)
     MUXCY:S->O            1   0.353   0.000  resultAdder/Madd_S_cy<6> (resultAdder/Madd_S_cy<6>)
     MUXCY:CI->O           1   0.023   0.000  resultAdder/Madd_S_cy<7> (resultAdder/Madd_S_cy<7>)
     MUXCY:CI->O           1   0.023   0.000  resultAdder/Madd_S_cy<8> (resultAdder/Madd_S_cy<8>)
     MUXCY:CI->O           1   0.023   0.000  resultAdder/Madd_S_cy<9> (resultAdder/Madd_S_cy<9>)
     MUXCY:CI->O           1   0.023   0.000  resultAdder/Madd_S_cy<10> (resultAdder/Madd_S_cy<10>)
     MUXCY:CI->O           1   0.023   0.000  resultAdder/Madd_S_cy<11> (resultAdder/Madd_S_cy<11>)
     MUXCY:CI->O           1   0.023   0.000  resultAdder/Madd_S_cy<12> (resultAdder/Madd_S_cy<12>)
     MUXCY:CI->O           1   0.023   0.000  resultAdder/Madd_S_cy<13> (resultAdder/Madd_S_cy<13>)
     MUXCY:CI->O           1   0.023   0.000  resultAdder/Madd_S_cy<14> (resultAdder/Madd_S_cy<14>)
     MUXCY:CI->O           1   0.023   0.000  resultAdder/Madd_S_cy<15> (resultAdder/Madd_S_cy<15>)
     MUXCY:CI->O           1   0.023   0.000  resultAdder/Madd_S_cy<16> (resultAdder/Madd_S_cy<16>)
     MUXCY:CI->O           1   0.023   0.000  resultAdder/Madd_S_cy<17> (resultAdder/Madd_S_cy<17>)
     MUXCY:CI->O           1   0.023   0.000  resultAdder/Madd_S_cy<18> (resultAdder/Madd_S_cy<18>)
     MUXCY:CI->O           1   0.023   0.000  resultAdder/Madd_S_cy<19> (resultAdder/Madd_S_cy<19>)
     MUXCY:CI->O           1   0.023   0.000  resultAdder/Madd_S_cy<20> (resultAdder/Madd_S_cy<20>)
     MUXCY:CI->O           1   0.023   0.000  resultAdder/Madd_S_cy<21> (resultAdder/Madd_S_cy<21>)
     MUXCY:CI->O           1   0.023   0.000  resultAdder/Madd_S_cy<22> (resultAdder/Madd_S_cy<22>)
     MUXCY:CI->O           1   0.023   0.000  resultAdder/Madd_S_cy<23> (resultAdder/Madd_S_cy<23>)
     MUXCY:CI->O           1   0.023   0.000  resultAdder/Madd_S_cy<24> (resultAdder/Madd_S_cy<24>)
     MUXCY:CI->O           1   0.023   0.000  resultAdder/Madd_S_cy<25> (resultAdder/Madd_S_cy<25>)
     MUXCY:CI->O           1   0.023   0.000  resultAdder/Madd_S_cy<26> (resultAdder/Madd_S_cy<26>)
     MUXCY:CI->O           1   0.023   0.000  resultAdder/Madd_S_cy<27> (resultAdder/Madd_S_cy<27>)
     MUXCY:CI->O           1   0.023   0.000  resultAdder/Madd_S_cy<28> (resultAdder/Madd_S_cy<28>)
     MUXCY:CI->O           1   0.023   0.000  resultAdder/Madd_S_cy<29> (resultAdder/Madd_S_cy<29>)
     MUXCY:CI->O           0   0.023   0.000  resultAdder/Madd_S_cy<30> (resultAdder/Madd_S_cy<30>)
     XORCY:CI->O           1   0.370   0.339  resultAdder/Madd_S_xor<31> (tempc_31_OBUF)
     OBUF:I->O                 0.000          tempc_31_OBUF (tempc<31>)
    ----------------------------------------
    Total                     12.778ns (6.027ns logic, 6.751ns route)
                                       (47.2% logic, 52.8% route)

=========================================================================

Cross Clock Domains Report:
--------------------------

=========================================================================


Total REAL time to Xst completion: 23.00 secs
Total CPU time to Xst completion: 22.07 secs
 
--> 

Total memory usage is 5019240 kilobytes

Number of errors   :    0 (   0 filtered)
Number of warnings :   21 (   0 filtered)
Number of infos    :    0 (   0 filtered)

